// Jest Snapshot v1, https://goo.gl/fbAQLP

exports[`GetParcel Component should receive props 1`] = `ShallowWrapper {}`;

exports[`GetParcel Component should render without crashing 1`] = `ShallowWrapper {}`;

exports[`GetParcel Component should render without crashing if parcel don't exist 1`] = `ShallowWrapper {}`;
